
Merging object attributes


There are no discarded input sections

Memory Configuration

Name             Origin             Length             Attributes
*default*        0x00000000         0xffffffff

Linker script and memory map


.text           0x00100000     0x8000
                0x00100000                        code = .
                0x00100000                        _code = .
                0x00100000                        __code = .
 *(.text)
 .text          0x00100000       0x2a boot.o
                0x00100000                mboot
                0x00100020                start
 .text          0x0010002a      0x343 common.o
                0x0010002a                outb
                0x00100049                inb
                0x00100066                inw
                0x00100085                memcpy
                0x001000bf                memset
                0x001000f1                strcmp
                0x00100194                strncmp
                0x001001ed                strcpy
                0x0010021d                strcat
                0x0010025d                strlen
                0x00100285                panic
                0x001002f9                panic_assert
 .text          0x0010036d      0x7fa descriptor_tables.o
                0x0010036d                init_descriptor_tables
                0x00100599                set_kernel_stack
 .text          0x00100b67      0xbef exec.o
                0x0010152f                process_execve
 .text          0x00101756      0x6c4 fs.o
                0x00101756                read_fs
                0x0010179f                write_fs
                0x001017e8                open_fs
                0x00101826                close_fs
                0x00101858                readdir_fs
                0x001018a9                finddir_fs
                0x00101900                find_path_fs
                0x0010191c                resolve_path_fs
                0x00101a8c                get_path_fs
                0x00101bce                mkdir_fs
                0x00101c1e                mkdir_path_fs
 .text          0x00101e1a      0x862 initrd.o
                0x00102484                initialise_initrd
 .text          0x0010267c       0xe5 isr.o
                0x0010267c                register_interrupt_handler
                0x00102699                isr_handler
                0x00102705                irq_handler
 .text          0x00102761      0x13b keyboard.o
                0x00102822                initialise_keyboard
                0x00102858                keyboard_getchar
 .text          0x0010289c     0x12a0 kheap.o
                0x0010289c                kmalloc_int
                0x001029fa                kfree
                0x00102a37                kmalloc_a
                0x00102a51                kmalloc_p
                0x00102a6c                kmalloc_ap
                0x00102a87                kmalloc
                0x00103119                create_heap
                0x00103313                alloc
                0x0010373f                free
 .text          0x00103b3c      0x229 main.o
                0x00103b9a                main
 .text          0x00103d65      0x478 monitor.o
                0x00103e7a                monitor_put
                0x00103fa2                monitor_clear
                0x00103ff9                monitor_write
                0x0010403d                monitor_write_hex
                0x00104103                monitor_write_dec
 .text          0x001041dd      0x48e ordered_array.o
                0x001041dd                standard_lessthan_predicate
                0x001041ed                create_ordered_array
                0x001042bc                place_ordered_array
                0x00104399                destroy_ordered_array
                0x00104408                insert_ordered_array
                0x00104530                lookup_ordered_array
                0x001045a6                remove_ordered_array
 .text          0x0010466b      0xc77 paging.o
                0x00104857                alloc_frame
                0x00104955                free_frame
                0x001049ee                invalidate_page
                0x001049fa                paging_total_memory_kib
                0x00104a07                initialise_paging
                0x00104d0a                switch_page_directory
                0x00104d3a                get_page
                0x00104e0b                page_fault
                0x001050ae                clone_directory
                0x001051d1                destroy_directory
 .text          0x001052e2      0x603 signal.o
                0x00105346                task_signal_set_handler
                0x00105472                task_signal_send
                0x001055a5                task_signal_deliver
                0x00105747                task_signal_return
                0x001057f7                task_signal_inherit
                0x0010585d                task_signal_exec_reset
 .text          0x001058e5      0xd5c syscall.o
                0x0010638d                initialise_syscalls
                0x001063ab                syscall_write
                0x001063c9                syscall_putchar
                0x001063ee                syscall_clear
                0x00106403                syscall_getchar
                0x00106418                syscall_readdir
                0x0010643a                syscall_readfile
                0x0010645c                syscall_getpid
                0x00106471                syscall_write_hex
                0x0010648f                syscall_write_dec
                0x001064ad                syscall_open
                0x001064ce                syscall_fd_read
                0x001064f0                syscall_close
                0x0010650e                syscall_fd_write
                0x00106530                syscall_chdir
                0x0010654e                syscall_getcwd
                0x0010656f                syscall_mkdir
                0x0010658d                syscall_sbrk
                0x001065ab                syscall_execve
                0x001065cd                syscall_fork
                0x001065e2                syscall_exit
                0x001065f6                syscall_waitpid
                0x00106617                syscall_ticks
                0x0010662c                syscall_memory_kib
 .text          0x00106641      0xee8 task.o
                0x0010668c                initialise_tasking
                0x0010678c                move_stack
                0x0010687b                switch_task
                0x001069dd                create_initial_user_process
                0x00106baf                task_sbrk
                0x00106d0e                task_get_descriptor
                0x00106d5b                task_open_descriptor
                0x00106ded                task_close_descriptor
                0x00106e6a                task_seek_descriptor
                0x00106f40                task_wait_for_keyboard
                0x00106fb9                task_wake_keyboard_waiters
                0x00106ff4                task_has_pending_signal
                0x00107023                task_get_working_directory
                0x00107043                task_set_working_directory
                0x001070ae                task_fork_from_frame
                0x001072de                task_exit
                0x001073d4                task_waitpid
                0x001074d9                getpid
                0x001074e5                switch_to_user_mode
 .text          0x00107529       0xe3 timer.o
                0x00107552                timer_ticks
                0x0010755c                init_timer
 *fill*         0x0010760c        0x4 
 .text          0x00107610       0x2d gdt.o
                0x00107610                gdt_flush
                0x0010762d                idt_flush
                0x00107635                tss_flush
 *fill*         0x0010763d        0x3 
 .text          0x00107640      0x201 interrupt.o
                0x00107640                isr0
                0x0010764a                isr1
                0x00107654                isr2
                0x0010765e                isr3
                0x00107668                isr4
                0x00107672                isr5
                0x0010767c                isr6
                0x00107686                isr7
                0x00107690                isr8
                0x00107698                isr9
                0x001076a2                isr10
                0x001076aa                isr11
                0x001076b2                isr12
                0x001076ba                isr13
                0x001076c2                isr14
                0x001076ca                isr15
                0x001076d4                isr16
                0x001076de                isr17
                0x001076e8                isr18
                0x001076f2                isr19
                0x001076fc                isr20
                0x00107706                isr21
                0x00107710                isr22
                0x0010771a                isr23
                0x00107724                isr24
                0x0010772e                isr25
                0x00107738                isr26
                0x00107742                isr27
                0x0010774c                isr28
                0x00107756                isr29
                0x00107760                isr30
                0x0010776a                isr31
                0x00107774                isr128
                0x0010777e                irq0
                0x00107788                irq1
                0x00107792                irq2
                0x0010779c                irq3
                0x001077a3                irq4
                0x001077aa                irq5
                0x001077b1                irq6
                0x001077b8                irq7
                0x001077bf                irq8
                0x001077c6                irq9
                0x001077cd                irq10
                0x001077d4                irq11
                0x001077db                irq12
                0x001077e2                irq13
                0x001077e9                irq14
                0x001077f0                irq15
 *fill*         0x00107841        0xf 
 .text          0x00107850       0x74 process.o
                0x00107850                read_eip
                0x00107853                copy_page_physical
                0x0010788b                zero_page_physical
                0x001078b5                resume_user_frame
                0x00108000                        . = ALIGN (0x1000)
 *fill*         0x001078c4      0x73c 

.iplt           0x00108000        0x0
 .iplt          0x00108000        0x0 boot.o

.rel.dyn        0x00108000        0x0
 .rel.got       0x00108000        0x0 boot.o
 .rel.iplt      0x00108000        0x0 boot.o
 .rel.text      0x00108000        0x0 boot.o
 .rel.data      0x00108000        0x0 boot.o

.data           0x00108000     0x2000
                0x00108000                        data = .
                0x00108000                        _data = .
                0x00108000                        __data = .
 *(.data)
 .data          0x00108000        0x0 common.o
 .data          0x00108000        0x0 descriptor_tables.o
 .data          0x00108000        0x0 exec.o
 .data          0x00108000        0x0 fs.o
 .data          0x00108000        0x0 initrd.o
 .data          0x00108000        0x0 isr.o
 .data          0x00108000        0x0 keyboard.o
 .data          0x00108000        0x4 kheap.o
                0x00108000                placement_address
 .data          0x00108004        0x0 main.o
 .data          0x00108004        0x4 monitor.o
                0x00108004                video_memory
 .data          0x00108008        0x0 ordered_array.o
 .data          0x00108008        0x0 paging.o
 .data          0x00108008        0x0 signal.o
 *fill*         0x00108008       0x18 
 .data          0x00108020       0x78 syscall.o
 .data          0x00108098        0x4 task.o
                0x00108098                next_pid
 .data          0x0010809c        0x0 timer.o
 *(.rodata)
 .rodata        0x0010809c       0x23 common.o
 *fill*         0x001080bf        0x1 
 .rodata        0x001080c0       0x49 exec.o
 .rodata        0x00108109        0x5 fs.o
 *fill*         0x0010810e        0x2 
 .rodata        0x00108110      0x378 initrd.o
 .rodata        0x00108488       0x16 isr.o
 *fill*         0x0010849e        0x2 
 .rodata        0x001084a0      0x100 keyboard.o
 .rodata        0x001085a0      0x51f kheap.o
 *fill*         0x00108abf        0x1 
 .rodata        0x00108ac0      0x13b main.o
 .rodata        0x00108bfb        0x3 monitor.o
 *fill*         0x00108bfe        0x2 
 .rodata        0x00108c00       0xbd ordered_array.o
 *fill*         0x00108cbd        0x3 
 .rodata        0x00108cc0      0x17b paging.o
 .rodata        0x00108e3b       0x13 signal.o
 .rodata        0x00108e4e       0x23 syscall.o
 *fill*         0x00108e71        0x3 
 .rodata        0x00108e74      0x164 task.o
 .rodata        0x00108fd8       0x39 timer.o
                0x0010a000                        . = ALIGN (0x1000)
 *fill*         0x00109011      0xfef 

.got            0x0010a000        0x0
 .got           0x0010a000        0x0 boot.o

.got.plt        0x0010a000        0x0
 .got.plt       0x0010a000        0x0 boot.o

.igot.plt       0x0010a000        0x0
 .igot.plt      0x0010a000        0x0 boot.o

.bss            0x0010a000     0x1000
                0x0010a000                        bss = .
                0x0010a000                        _bss = .
                0x0010a000                        __bss = .
 *(.bss)
 .bss           0x0010a000        0x0 common.o
 .bss           0x0010a000      0x8c8 descriptor_tables.o
                0x0010a000                gdt_entries
                0x0010a030                gdt_ptr
                0x0010a040                idt_entries
                0x0010a840                idt_ptr
                0x0010a860                tss_entry
 .bss           0x0010a8c8        0x0 exec.o
 .bss           0x0010a8c8        0x4 fs.o
                0x0010a8c8                fs_root
 *fill*         0x0010a8cc       0x14 
 .bss           0x0010a8e0       0xa4 initrd.o
                0x0010a8e0                initrd_header
                0x0010a8e4                file_headers
                0x0010a8e8                initrd_root
                0x0010a8ec                initrd_dev
 *fill*         0x0010a984       0x1c 
 .bss           0x0010a9a0      0x400 isr.o
                0x0010a9a0                interrupt_handlers
 .bss           0x0010ada0       0x89 keyboard.o
 *fill*         0x0010ae29        0x3 
 .bss           0x0010ae2c        0x4 kheap.o
                0x0010ae2c                kheap
 .bss           0x0010ae30        0x4 main.o
                0x0010ae30                initial_esp
 .bss           0x0010ae34        0x2 monitor.o
                0x0010ae34                cursor_x
                0x0010ae35                cursor_y
 .bss           0x0010ae36        0x0 ordered_array.o
 *fill*         0x0010ae36        0x2 
 .bss           0x0010ae38       0x14 paging.o
                0x0010ae38                kernel_directory
                0x0010ae3c                current_directory
                0x0010ae40                frames
                0x0010ae44                nframes
 .bss           0x0010ae4c        0x0 signal.o
 .bss           0x0010ae4c        0x0 syscall.o
 .bss           0x0010ae4c        0x8 task.o
                0x0010ae4c                current_task
                0x0010ae50                ready_queue
 .bss           0x0010ae54        0x4 timer.o
                0x0010b000                        . = ALIGN (0x1000)
 *fill*         0x0010ae58      0x1a8 
                0x0010b000                        end = .
                0x0010b000                        _end = .
                0x0010b000                        __end = .
LOAD boot.o
LOAD common.o
LOAD descriptor_tables.o
LOAD exec.o
LOAD fs.o
LOAD initrd.o
LOAD isr.o
LOAD keyboard.o
LOAD kheap.o
LOAD main.o
LOAD monitor.o
LOAD ordered_array.o
LOAD paging.o
LOAD signal.o
LOAD syscall.o
LOAD task.o
LOAD timer.o
LOAD gdt.o
LOAD interrupt.o
LOAD process.o
OUTPUT(kernel elf32-i386)

.debug_aranges  0x00000000      0x280
 .debug_aranges
                0x00000000       0x20 boot.o
 .debug_aranges
                0x00000020       0x20 common.o
 .debug_aranges
                0x00000040       0x20 descriptor_tables.o
 .debug_aranges
                0x00000060       0x20 exec.o
 .debug_aranges
                0x00000080       0x20 fs.o
 .debug_aranges
                0x000000a0       0x20 initrd.o
 .debug_aranges
                0x000000c0       0x20 isr.o
 .debug_aranges
                0x000000e0       0x20 keyboard.o
 .debug_aranges
                0x00000100       0x20 kheap.o
 .debug_aranges
                0x00000120       0x20 main.o
 .debug_aranges
                0x00000140       0x20 monitor.o
 .debug_aranges
                0x00000160       0x20 ordered_array.o
 .debug_aranges
                0x00000180       0x20 paging.o
 .debug_aranges
                0x000001a0       0x20 signal.o
 .debug_aranges
                0x000001c0       0x20 syscall.o
 .debug_aranges
                0x000001e0       0x20 task.o
 .debug_aranges
                0x00000200       0x20 timer.o
 .debug_aranges
                0x00000220       0x20 gdt.o
 .debug_aranges
                0x00000240       0x20 interrupt.o
 .debug_aranges
                0x00000260       0x20 process.o

.debug_pubnames
                0x00000000        0x0
 .debug_pubnames
                0x00000000        0x0 boot.o
 .debug_pubnames
                0x00000000        0x0 gdt.o
 .debug_pubnames
                0x00000000        0x0 interrupt.o
 .debug_pubnames
                0x00000000        0x0 process.o

.debug_info     0x00000000     0x8aaf
 .debug_info    0x00000000       0x5e boot.o
 .debug_info    0x0000005e      0x3da common.o
 .debug_info    0x00000438      0x8f6 descriptor_tables.o
 .debug_info    0x00000d2e     0x1094 exec.o
 .debug_info    0x00001dc2      0x694 fs.o
 .debug_info    0x00002456      0x858 initrd.o
 .debug_info    0x00002cae      0x29b isr.o
 .debug_info    0x00002f49      0x2cf keyboard.o
 .debug_info    0x00003218      0xb8e kheap.o
 .debug_info    0x00003da6      0x61c main.o
 .debug_info    0x000043c2      0x2d0 monitor.o
 .debug_info    0x00004692      0x30a ordered_array.o
 .debug_info    0x0000499c      0x9ef paging.o
 .debug_info    0x0000538b      0xab6 signal.o
 .debug_info    0x00005e41     0x1970 syscall.o
 .debug_info    0x000077b1      0xf5f task.o
 .debug_info    0x00008710      0x27e timer.o
 .debug_info    0x0000898e       0x5d gdt.o
 .debug_info    0x000089eb       0x63 interrupt.o
 .debug_info    0x00008a4e       0x61 process.o

.debug_abbrev   0x00000000     0x2040
 .debug_abbrev  0x00000000       0x1d boot.o
 .debug_abbrev  0x0000001d      0x130 common.o
 .debug_abbrev  0x0000014d      0x1c5 descriptor_tables.o
 .debug_abbrev  0x00000312      0x27c exec.o
 .debug_abbrev  0x0000058e      0x187 fs.o
 .debug_abbrev  0x00000715      0x1dd initrd.o
 .debug_abbrev  0x000008f2      0x13e isr.o
 .debug_abbrev  0x00000a30      0x157 keyboard.o
 .debug_abbrev  0x00000b87      0x2ea kheap.o
 .debug_abbrev  0x00000e71      0x1c7 main.o
 .debug_abbrev  0x00001038      0x12f monitor.o
 .debug_abbrev  0x00001167      0x13c ordered_array.o
 .debug_abbrev  0x000012a3      0x316 paging.o
 .debug_abbrev  0x000015b9      0x23d signal.o
 .debug_abbrev  0x000017f6      0x2e7 syscall.o
 .debug_abbrev  0x00001add      0x3c5 task.o
 .debug_abbrev  0x00001ea2      0x147 timer.o
 .debug_abbrev  0x00001fe9       0x1d gdt.o
 .debug_abbrev  0x00002006       0x1d interrupt.o
 .debug_abbrev  0x00002023       0x1d process.o

.debug_line     0x00000000     0x3890
 .debug_line    0x00000000       0x42 boot.o
 .debug_line    0x00000042      0x21c common.o
 .debug_line    0x0000025e      0x189 descriptor_tables.o
 .debug_line    0x000003e7      0x60d exec.o
 .debug_line    0x000009f4      0x3ed fs.o
 .debug_line    0x00000de1      0x365 initrd.o
 .debug_line    0x00001146       0xa6 isr.o
 .debug_line    0x000011ec      0x104 keyboard.o
 .debug_line    0x000012f0      0x74b kheap.o
 .debug_line    0x00001a3b      0x124 main.o
 .debug_line    0x00001b5f      0x218 monitor.o
 .debug_line    0x00001d77      0x22e ordered_array.o
 .debug_line    0x00001fa5      0x515 paging.o
 .debug_line    0x000024ba      0x358 signal.o
 .debug_line    0x00002812      0x6ef syscall.o
 .debug_line    0x00002f01      0x70e task.o
 .debug_line    0x0000360f       0xa0 timer.o
 .debug_line    0x000036af       0x44 gdt.o
 .debug_line    0x000036f3      0x130 interrupt.o
 .debug_line    0x00003823       0x6d process.o

.debug_frame    0x00000000     0x1940
 .debug_frame   0x00000000        0x0 boot.o
 .debug_frame   0x00000000      0x184 common.o
 .debug_frame   0x00000184       0xf4 descriptor_tables.o
 .debug_frame   0x00000278      0x114 exec.o
 .debug_frame   0x0000038c      0x174 fs.o
 .debug_frame   0x00000500      0x198 initrd.o
 .debug_frame   0x00000698       0x74 isr.o
 .debug_frame   0x0000070c       0x74 keyboard.o
 .debug_frame   0x00000780      0x200 kheap.o
 .debug_frame   0x00000980       0x54 main.o
 .debug_frame   0x000009d4       0xf4 monitor.o
 .debug_frame   0x00000ac8       0xf4 ordered_array.o
 .debug_frame   0x00000bbc      0x204 paging.o
 .debug_frame   0x00000dc0      0x158 signal.o
 .debug_frame   0x00000f18      0x6f4 syscall.o
 .debug_frame   0x0000160c      0x2bc task.o
 .debug_frame   0x000018c8       0x74 timer.o
 *fill*         0x0000193c        0x4 
 .debug_frame   0x00001940        0x0 gdt.o
 .debug_frame   0x00001940        0x0 interrupt.o
 .debug_frame   0x00001940        0x0 process.o

.debug_loc      0x00000000        0x0
 .debug_loc     0x00000000        0x0 boot.o
 .debug_loc     0x00000000        0x0 gdt.o
 .debug_loc     0x00000000        0x0 interrupt.o
 .debug_loc     0x00000000        0x0 process.o

.debug_str      0x00000000     0x1fb1
 .debug_str     0x00000000     0x1fb1 common.o
                                0x1bd (size before relaxing)
 .debug_str     0x00001fb1        0x0 descriptor_tables.o
                                0x45f (size before relaxing)
 .debug_str     0x00001fb1        0x0 exec.o
                                0x9e9 (size before relaxing)
 .debug_str     0x00001fb1        0x0 fs.o
                                0x2ec (size before relaxing)
 .debug_str     0x00001fb1        0x0 initrd.o
                                0x448 (size before relaxing)
 .debug_str     0x00001fb1        0x0 isr.o
                                0x1db (size before relaxing)
 .debug_str     0x00001fb1        0x0 keyboard.o
                                0x22b (size before relaxing)
 .debug_str     0x00001fb1        0x0 kheap.o
                                0x55f (size before relaxing)
 .debug_str     0x00001fb1        0x0 main.o
                                0x4e8 (size before relaxing)
 .debug_str     0x00001fb1        0x0 monitor.o
                                0x1fb (size before relaxing)
 .debug_str     0x00001fb1        0x0 ordered_array.o
                                0x242 (size before relaxing)
 .debug_str     0x00001fb1        0x0 paging.o
                                0x50f (size before relaxing)
 .debug_str     0x00001fb1        0x0 signal.o
                                0x69f (size before relaxing)
 .debug_str     0x00001fb1        0x0 syscall.o
                                0xb5b (size before relaxing)
 .debug_str     0x00001fb1        0x0 task.o
                                0x8b9 (size before relaxing)
 .debug_str     0x00001fb1        0x0 timer.o
                                0x1e6 (size before relaxing)

.debug_line_str
                0x00000000      0x164
 .debug_line_str
                0x00000000      0x164 common.o
                                 0x84 (size before relaxing)
 .debug_line_str
                0x00000164        0x0 descriptor_tables.o
                                 0xb5 (size before relaxing)
 .debug_line_str
                0x00000164        0x0 exec.o
                                 0xa6 (size before relaxing)
 .debug_line_str
                0x00000164        0x0 fs.o
                                 0x73 (size before relaxing)
 .debug_line_str
                0x00000164        0x0 initrd.o
                                 0x90 (size before relaxing)
 .debug_line_str
                0x00000164        0x0 isr.o
                                 0x81 (size before relaxing)
 .debug_line_str
                0x00000164        0x0 keyboard.o
                                 0x8d (size before relaxing)
 .debug_line_str
                0x00000164        0x0 kheap.o
                                 0x98 (size before relaxing)
 .debug_line_str
                0x00000164        0x0 main.o
                                 0xd9 (size before relaxing)
 .debug_line_str
                0x00000164        0x0 monitor.o
                                 0x7d (size before relaxing)
 .debug_line_str
                0x00000164        0x0 ordered_array.o
                                 0xa7 (size before relaxing)
 .debug_line_str
                0x00000164        0x0 paging.o
                                 0xab (size before relaxing)
 .debug_line_str
                0x00000164        0x0 signal.o
                                 0x95 (size before relaxing)
 .debug_line_str
                0x00000164        0x0 syscall.o
                                 0xcf (size before relaxing)
 .debug_line_str
                0x00000164        0x0 task.o
                                 0xb4 (size before relaxing)
 .debug_line_str
                0x00000164        0x0 timer.o
                                 0x8d (size before relaxing)

.comment        0x00000000       0x12
 .comment       0x00000000       0x12 common.o
                                 0x13 (size before relaxing)
 .comment       0x00000012        0x0 descriptor_tables.o
                                 0x13 (size before relaxing)
 .comment       0x00000012        0x0 exec.o
                                 0x13 (size before relaxing)
 .comment       0x00000012        0x0 fs.o
                                 0x13 (size before relaxing)
 .comment       0x00000012        0x0 initrd.o
                                 0x13 (size before relaxing)
 .comment       0x00000012        0x0 isr.o
                                 0x13 (size before relaxing)
 .comment       0x00000012        0x0 keyboard.o
                                 0x13 (size before relaxing)
 .comment       0x00000012        0x0 kheap.o
                                 0x13 (size before relaxing)
 .comment       0x00000012        0x0 main.o
                                 0x13 (size before relaxing)
 .comment       0x00000012        0x0 monitor.o
                                 0x13 (size before relaxing)
 .comment       0x00000012        0x0 ordered_array.o
                                 0x13 (size before relaxing)
 .comment       0x00000012        0x0 paging.o
                                 0x13 (size before relaxing)
 .comment       0x00000012        0x0 signal.o
                                 0x13 (size before relaxing)
 .comment       0x00000012        0x0 syscall.o
                                 0x13 (size before relaxing)
 .comment       0x00000012        0x0 task.o
                                 0x13 (size before relaxing)
 .comment       0x00000012        0x0 timer.o
                                 0x13 (size before relaxing)

.debug_rnglists
                0x00000000       0x17
 .debug_rnglists
                0x00000000       0x17 kheap.o
