
Merging object attributes


There are no discarded input sections

Memory Configuration

Name             Origin             Length             Attributes
*default*        0x00000000         0xffffffff

Linker script and memory map


.text           0x00100000     0x8000
                0x00100000                        code = .
                0x00100000                        _code = .
                0x00100000                        __code = .
 *(.text)
 .text          0x00100000       0x2a boot.o
                0x00100000                mboot
                0x00100020                start
 .text          0x0010002a      0x343 common.o
                0x0010002a                outb
                0x00100049                inb
                0x00100066                inw
                0x00100085                memcpy
                0x001000bf                memset
                0x001000f1                strcmp
                0x00100194                strncmp
                0x001001ed                strcpy
                0x0010021d                strcat
                0x0010025d                strlen
                0x00100285                panic
                0x001002f9                panic_assert
 .text          0x0010036d      0x7fa descriptor_tables.o
                0x0010036d                init_descriptor_tables
                0x00100599                set_kernel_stack
 .text          0x00100b67      0xbea exec.o
                0x0010152f                process_execve
 .text          0x00101751      0x6c4 fs.o
                0x00101751                read_fs
                0x0010179a                write_fs
                0x001017e3                open_fs
                0x00101821                close_fs
                0x00101853                readdir_fs
                0x001018a4                finddir_fs
                0x001018fb                find_path_fs
                0x00101917                resolve_path_fs
                0x00101a87                get_path_fs
                0x00101bc9                mkdir_fs
                0x00101c19                mkdir_path_fs
 .text          0x00101e15      0x862 initrd.o
                0x0010247f                initialise_initrd
 .text          0x00102677       0xe5 isr.o
                0x00102677                register_interrupt_handler
                0x00102694                isr_handler
                0x00102700                irq_handler
 .text          0x0010275c      0x136 keyboard.o
                0x00102818                initialise_keyboard
                0x0010284e                keyboard_getchar
 .text          0x00102892     0x12a0 kheap.o
                0x00102892                kmalloc_int
                0x001029f0                kfree
                0x00102a2d                kmalloc_a
                0x00102a47                kmalloc_p
                0x00102a62                kmalloc_ap
                0x00102a7d                kmalloc
                0x0010310f                create_heap
                0x00103309                alloc
                0x00103735                free
 .text          0x00103b32      0x221 main.o
                0x00103b88                main
 .text          0x00103d53      0x478 monitor.o
                0x00103e68                monitor_put
                0x00103f90                monitor_clear
                0x00103fe7                monitor_write
                0x0010402b                monitor_write_hex
                0x001040f1                monitor_write_dec
 .text          0x001041cb      0x48e ordered_array.o
                0x001041cb                standard_lessthan_predicate
                0x001041db                create_ordered_array
                0x001042aa                place_ordered_array
                0x00104387                destroy_ordered_array
                0x001043f6                insert_ordered_array
                0x0010451e                lookup_ordered_array
                0x00104594                remove_ordered_array
 .text          0x00104659      0xc77 paging.o
                0x00104845                alloc_frame
                0x00104943                free_frame
                0x001049dc                invalidate_page
                0x001049e8                paging_total_memory_kib
                0x001049f5                initialise_paging
                0x00104cf8                switch_page_directory
                0x00104d28                get_page
                0x00104df9                page_fault
                0x0010509c                clone_directory
                0x001051bf                destroy_directory
 .text          0x001052d0      0xb32 shell.o
                0x00105d03                shell_run
 .text          0x00105e02      0x891 syscall.o
                0x00106429                initialise_syscalls
                0x00106447                syscall_write
                0x00106465                syscall_putchar
                0x0010648a                syscall_clear
                0x0010649f                syscall_getchar
                0x001064b4                syscall_readdir
                0x001064d6                syscall_readfile
                0x001064f8                syscall_getpid
                0x0010650d                syscall_write_hex
                0x0010652b                syscall_write_dec
                0x00106549                syscall_open
                0x0010656a                syscall_fd_read
                0x0010658c                syscall_close
                0x001065aa                syscall_fd_write
                0x001065cc                syscall_chdir
                0x001065ea                syscall_getcwd
                0x0010660b                syscall_mkdir
                0x00106629                syscall_sbrk
                0x00106647                syscall_execve
                0x00106669                syscall_ticks
                0x0010667e                syscall_memory_kib
 .text          0x00106693      0xa0f task.o
                0x001066d3                initialise_tasking
                0x001067bb                move_stack
                0x001068aa                switch_task
                0x001069fb                create_initial_user_process
                0x00106bb4                task_sbrk
                0x00106d13                task_get_descriptor
                0x00106d60                task_open_descriptor
                0x00106df2                task_close_descriptor
                0x00106e6f                task_get_working_directory
                0x00106e8f                task_set_working_directory
                0x00106efa                fork
                0x00107052                getpid
                0x0010705e                switch_to_user_mode
 .text          0x001070a2       0xd5 timer.o
                0x001070bd                timer_ticks
                0x001070c7                init_timer
 *fill*         0x00107177        0x9 
 .text          0x00107180       0x2d gdt.o
                0x00107180                gdt_flush
                0x0010719d                idt_flush
                0x001071a5                tss_flush
 *fill*         0x001071ad        0x3 
 .text          0x001071b0      0x201 interrupt.o
                0x001071b0                isr0
                0x001071ba                isr1
                0x001071c4                isr2
                0x001071ce                isr3
                0x001071d8                isr4
                0x001071e2                isr5
                0x001071ec                isr6
                0x001071f6                isr7
                0x00107200                isr8
                0x00107208                isr9
                0x00107212                isr10
                0x0010721a                isr11
                0x00107222                isr12
                0x0010722a                isr13
                0x00107232                isr14
                0x0010723a                isr15
                0x00107244                isr16
                0x0010724e                isr17
                0x00107258                isr18
                0x00107262                isr19
                0x0010726c                isr20
                0x00107276                isr21
                0x00107280                isr22
                0x0010728a                isr23
                0x00107294                isr24
                0x0010729e                isr25
                0x001072a8                isr26
                0x001072b2                isr27
                0x001072bc                isr28
                0x001072c6                isr29
                0x001072d0                isr30
                0x001072da                isr31
                0x001072e4                isr128
                0x001072ee                irq0
                0x001072f8                irq1
                0x00107302                irq2
                0x0010730c                irq3
                0x00107313                irq4
                0x0010731a                irq5
                0x00107321                irq6
                0x00107328                irq7
                0x0010732f                irq8
                0x00107336                irq9
                0x0010733d                irq10
                0x00107344                irq11
                0x0010734b                irq12
                0x00107352                irq13
                0x00107359                irq14
                0x00107360                irq15
 *fill*         0x001073b1        0xf 
 .text          0x001073c0       0x65 process.o
                0x001073c0                read_eip
                0x001073c3                copy_page_physical
                0x001073fb                zero_page_physical
                0x00108000                        . = ALIGN (0x1000)
 *fill*         0x00107425      0xbdb 

.iplt           0x00108000        0x0
 .iplt          0x00108000        0x0 boot.o

.rel.dyn        0x00108000        0x0
 .rel.got       0x00108000        0x0 boot.o
 .rel.iplt      0x00108000        0x0 boot.o
 .rel.text      0x00108000        0x0 boot.o
 .rel.data      0x00108000        0x0 boot.o

.data           0x00108000     0x2000
                0x00108000                        data = .
                0x00108000                        _data = .
                0x00108000                        __data = .
 *(.data)
 .data          0x00108000        0x0 common.o
 .data          0x00108000        0x0 descriptor_tables.o
 .data          0x00108000        0x0 exec.o
 .data          0x00108000        0x0 fs.o
 .data          0x00108000        0x0 initrd.o
 .data          0x00108000        0x0 isr.o
 .data          0x00108000        0x0 keyboard.o
 .data          0x00108000        0x4 kheap.o
                0x00108000                placement_address
 .data          0x00108004        0x0 main.o
 .data          0x00108004        0x4 monitor.o
                0x00108004                video_memory
 .data          0x00108008        0x0 ordered_array.o
 .data          0x00108008        0x0 paging.o
 .data          0x00108008        0x0 shell.o
 *fill*         0x00108008       0x18 
 .data          0x00108020       0x50 syscall.o
 .data          0x00108070        0x4 task.o
                0x00108070                next_pid
 .data          0x00108074        0x0 timer.o
 *(.rodata)
 .rodata        0x00108074       0x23 common.o
 *fill*         0x00108097        0x1 
 .rodata        0x00108098       0x49 exec.o
 .rodata        0x001080e1        0x5 fs.o
 *fill*         0x001080e6        0x2 
 .rodata        0x001080e8      0x378 initrd.o
 .rodata        0x00108460       0x16 isr.o
 *fill*         0x00108476        0xa 
 .rodata        0x00108480      0x100 keyboard.o
 .rodata        0x00108580      0x51f kheap.o
 *fill*         0x00108a9f        0x1 
 .rodata        0x00108aa0      0x12b main.o
 .rodata        0x00108bcb        0x3 monitor.o
 *fill*         0x00108bce        0x2 
 .rodata        0x00108bd0       0xbd ordered_array.o
 *fill*         0x00108c8d        0x3 
 .rodata        0x00108c90      0x17b paging.o
 *fill*         0x00108e0b        0x1 
 .rodata        0x00108e0c      0x6ef shell.o
 .rodata        0x001094fb       0x23 syscall.o
 *fill*         0x0010951e        0x2 
 .rodata        0x00109520       0x7b task.o
 *fill*         0x0010959b        0x1 
 .rodata        0x0010959c       0x39 timer.o
                0x0010a000                        . = ALIGN (0x1000)
 *fill*         0x001095d5      0xa2b 

.got            0x0010a000        0x0
 .got           0x0010a000        0x0 boot.o

.got.plt        0x0010a000        0x0
 .got.plt       0x0010a000        0x0 boot.o

.igot.plt       0x0010a000        0x0
 .igot.plt      0x0010a000        0x0 boot.o

.bss            0x0010a000     0x1000
                0x0010a000                        bss = .
                0x0010a000                        _bss = .
                0x0010a000                        __bss = .
 *(.bss)
 .bss           0x0010a000        0x0 common.o
 .bss           0x0010a000      0x8c8 descriptor_tables.o
                0x0010a000                gdt_entries
                0x0010a030                gdt_ptr
                0x0010a040                idt_entries
                0x0010a840                idt_ptr
                0x0010a860                tss_entry
 .bss           0x0010a8c8        0x0 exec.o
 .bss           0x0010a8c8        0x4 fs.o
                0x0010a8c8                fs_root
 *fill*         0x0010a8cc       0x14 
 .bss           0x0010a8e0       0xa4 initrd.o
                0x0010a8e0                initrd_header
                0x0010a8e4                file_headers
                0x0010a8e8                initrd_root
                0x0010a8ec                initrd_dev
 *fill*         0x0010a984       0x1c 
 .bss           0x0010a9a0      0x400 isr.o
                0x0010a9a0                interrupt_handlers
 .bss           0x0010ada0       0x89 keyboard.o
 *fill*         0x0010ae29        0x3 
 .bss           0x0010ae2c        0x4 kheap.o
                0x0010ae2c                kheap
 .bss           0x0010ae30        0x4 main.o
                0x0010ae30                initial_esp
 .bss           0x0010ae34        0x2 monitor.o
                0x0010ae34                cursor_x
                0x0010ae35                cursor_y
 .bss           0x0010ae36        0x0 ordered_array.o
 *fill*         0x0010ae36        0x2 
 .bss           0x0010ae38       0x14 paging.o
                0x0010ae38                kernel_directory
                0x0010ae3c                current_directory
                0x0010ae40                frames
                0x0010ae44                nframes
 .bss           0x0010ae4c        0x0 shell.o
 .bss           0x0010ae4c        0x0 syscall.o
 .bss           0x0010ae4c        0x8 task.o
                0x0010ae4c                current_task
                0x0010ae50                ready_queue
 .bss           0x0010ae54        0x4 timer.o
                0x0010b000                        . = ALIGN (0x1000)
 *fill*         0x0010ae58      0x1a8 
                0x0010b000                        end = .
                0x0010b000                        _end = .
                0x0010b000                        __end = .
LOAD boot.o
LOAD common.o
LOAD descriptor_tables.o
LOAD exec.o
LOAD fs.o
LOAD initrd.o
LOAD isr.o
LOAD keyboard.o
LOAD kheap.o
LOAD main.o
LOAD monitor.o
LOAD ordered_array.o
LOAD paging.o
LOAD shell.o
LOAD syscall.o
LOAD task.o
LOAD timer.o
LOAD gdt.o
LOAD interrupt.o
LOAD process.o
OUTPUT(kernel elf32-i386)

.debug_aranges  0x00000000      0x280
 .debug_aranges
                0x00000000       0x20 boot.o
 .debug_aranges
                0x00000020       0x20 common.o
 .debug_aranges
                0x00000040       0x20 descriptor_tables.o
 .debug_aranges
                0x00000060       0x20 exec.o
 .debug_aranges
                0x00000080       0x20 fs.o
 .debug_aranges
                0x000000a0       0x20 initrd.o
 .debug_aranges
                0x000000c0       0x20 isr.o
 .debug_aranges
                0x000000e0       0x20 keyboard.o
 .debug_aranges
                0x00000100       0x20 kheap.o
 .debug_aranges
                0x00000120       0x20 main.o
 .debug_aranges
                0x00000140       0x20 monitor.o
 .debug_aranges
                0x00000160       0x20 ordered_array.o
 .debug_aranges
                0x00000180       0x20 paging.o
 .debug_aranges
                0x000001a0       0x20 shell.o
 .debug_aranges
                0x000001c0       0x20 syscall.o
 .debug_aranges
                0x000001e0       0x20 task.o
 .debug_aranges
                0x00000200       0x20 timer.o
 .debug_aranges
                0x00000220       0x20 gdt.o
 .debug_aranges
                0x00000240       0x20 interrupt.o
 .debug_aranges
                0x00000260       0x20 process.o

.debug_pubnames
                0x00000000        0x0
 .debug_pubnames
                0x00000000        0x0 boot.o
 .debug_pubnames
                0x00000000        0x0 gdt.o
 .debug_pubnames
                0x00000000        0x0 interrupt.o
 .debug_pubnames
                0x00000000        0x0 process.o

.debug_info     0x00000000     0x7a2a
 .debug_info    0x00000000       0x5e boot.o
 .debug_info    0x0000005e      0x3da common.o
 .debug_info    0x00000438      0x8f6 descriptor_tables.o
 .debug_info    0x00000d2e      0xfeb exec.o
 .debug_info    0x00001d19      0x694 fs.o
 .debug_info    0x000023ad      0x858 initrd.o
 .debug_info    0x00002c05      0x29b isr.o
 .debug_info    0x00002ea0      0x2c7 keyboard.o
 .debug_info    0x00003167      0xb8e kheap.o
 .debug_info    0x00003cf5      0x5c4 main.o
 .debug_info    0x000042b9      0x2d0 monitor.o
 .debug_info    0x00004589      0x30a ordered_array.o
 .debug_info    0x00004893      0x9ef paging.o
 .debug_info    0x00005282      0x569 shell.o
 .debug_info    0x000057eb     0x1358 syscall.o
 .debug_info    0x00006b43      0xb5a task.o
 .debug_info    0x0000769d      0x26c timer.o
 .debug_info    0x00007909       0x5d gdt.o
 .debug_info    0x00007966       0x63 interrupt.o
 .debug_info    0x000079c9       0x61 process.o

.debug_abbrev   0x00000000     0x1e85
 .debug_abbrev  0x00000000       0x1d boot.o
 .debug_abbrev  0x0000001d      0x130 common.o
 .debug_abbrev  0x0000014d      0x1c5 descriptor_tables.o
 .debug_abbrev  0x00000312      0x265 exec.o
 .debug_abbrev  0x00000577      0x187 fs.o
 .debug_abbrev  0x000006fe      0x1dd initrd.o
 .debug_abbrev  0x000008db      0x13e isr.o
 .debug_abbrev  0x00000a19      0x144 keyboard.o
 .debug_abbrev  0x00000b5d      0x2ea kheap.o
 .debug_abbrev  0x00000e47      0x19e main.o
 .debug_abbrev  0x00000fe5      0x12f monitor.o
 .debug_abbrev  0x00001114      0x13c ordered_array.o
 .debug_abbrev  0x00001250      0x316 paging.o
 .debug_abbrev  0x00001566      0x16a shell.o
 .debug_abbrev  0x000016d0      0x28b syscall.o
 .debug_abbrev  0x0000195b      0x38c task.o
 .debug_abbrev  0x00001ce7      0x147 timer.o
 .debug_abbrev  0x00001e2e       0x1d gdt.o
 .debug_abbrev  0x00001e4b       0x1d interrupt.o
 .debug_abbrev  0x00001e68       0x1d process.o

.debug_line     0x00000000     0x34d2
 .debug_line    0x00000000       0x42 boot.o
 .debug_line    0x00000042      0x21c common.o
 .debug_line    0x0000025e      0x189 descriptor_tables.o
 .debug_line    0x000003e7      0x605 exec.o
 .debug_line    0x000009ec      0x3ed fs.o
 .debug_line    0x00000dd9      0x365 initrd.o
 .debug_line    0x0000113e       0xa6 isr.o
 .debug_line    0x000011e4       0xfc keyboard.o
 .debug_line    0x000012e0      0x74b kheap.o
 .debug_line    0x00001a2b      0x120 main.o
 .debug_line    0x00001b4b      0x218 monitor.o
 .debug_line    0x00001d63      0x22e ordered_array.o
 .debug_line    0x00001f91      0x515 paging.o
 .debug_line    0x000024a6      0x492 shell.o
 .debug_line    0x00002938      0x46e syscall.o
 .debug_line    0x00002da6      0x4be task.o
 .debug_line    0x00003264       0x9a timer.o
 .debug_line    0x000032fe       0x44 gdt.o
 .debug_line    0x00003342      0x130 interrupt.o
 .debug_line    0x00003472       0x60 process.o

.debug_frame    0x00000000     0x1778
 .debug_frame   0x00000000        0x0 boot.o
 .debug_frame   0x00000000      0x184 common.o
 .debug_frame   0x00000184       0xf4 descriptor_tables.o
 .debug_frame   0x00000278      0x114 exec.o
 .debug_frame   0x0000038c      0x174 fs.o
 .debug_frame   0x00000500      0x198 initrd.o
 .debug_frame   0x00000698       0x74 isr.o
 .debug_frame   0x0000070c       0x74 keyboard.o
 .debug_frame   0x00000780      0x200 kheap.o
 .debug_frame   0x00000980       0x54 main.o
 .debug_frame   0x000009d4       0xf4 monitor.o
 .debug_frame   0x00000ac8       0xf4 ordered_array.o
 .debug_frame   0x00000bbc      0x204 paging.o
 .debug_frame   0x00000dc0      0x1ac shell.o
 .debug_frame   0x00000f6c      0x590 syscall.o
 .debug_frame   0x000014fc      0x204 task.o
 .debug_frame   0x00001700       0x74 timer.o
 *fill*         0x00001774        0x4 
 .debug_frame   0x00001778        0x0 gdt.o
 .debug_frame   0x00001778        0x0 interrupt.o
 .debug_frame   0x00001778        0x0 process.o

.debug_loc      0x00000000        0x0
 .debug_loc     0x00000000        0x0 boot.o
 .debug_loc     0x00000000        0x0 gdt.o
 .debug_loc     0x00000000        0x0 interrupt.o
 .debug_loc     0x00000000        0x0 process.o

.debug_str      0x00000000     0x1be9
 .debug_str     0x00000000     0x1be9 common.o
                                0x1bd (size before relaxing)
 .debug_str     0x00001be9        0x0 descriptor_tables.o
                                0x45f (size before relaxing)
 .debug_str     0x00001be9        0x0 exec.o
                                0x923 (size before relaxing)
 .debug_str     0x00001be9        0x0 fs.o
                                0x2ec (size before relaxing)
 .debug_str     0x00001be9        0x0 initrd.o
                                0x448 (size before relaxing)
 .debug_str     0x00001be9        0x0 isr.o
                                0x1db (size before relaxing)
 .debug_str     0x00001be9        0x0 keyboard.o
                                0x210 (size before relaxing)
 .debug_str     0x00001be9        0x0 kheap.o
                                0x55f (size before relaxing)
 .debug_str     0x00001be9        0x0 main.o
                                0x4bb (size before relaxing)
 .debug_str     0x00001be9        0x0 monitor.o
                                0x1fb (size before relaxing)
 .debug_str     0x00001be9        0x0 ordered_array.o
                                0x242 (size before relaxing)
 .debug_str     0x00001be9        0x0 paging.o
                                0x50f (size before relaxing)
 .debug_str     0x00001be9        0x0 shell.o
                                0x372 (size before relaxing)
 .debug_str     0x00001be9        0x0 syscall.o
                                0x8c9 (size before relaxing)
 .debug_str     0x00001be9        0x0 task.o
                                0x696 (size before relaxing)
 .debug_str     0x00001be9        0x0 timer.o
                                0x1d2 (size before relaxing)

.debug_line_str
                0x00000000      0x162
 .debug_line_str
                0x00000000      0x162 common.o
                                 0x84 (size before relaxing)
 .debug_line_str
                0x00000162        0x0 descriptor_tables.o
                                 0xb5 (size before relaxing)
 .debug_line_str
                0x00000162        0x0 exec.o
                                 0x9d (size before relaxing)
 .debug_line_str
                0x00000162        0x0 fs.o
                                 0x73 (size before relaxing)
 .debug_line_str
                0x00000162        0x0 initrd.o
                                 0x90 (size before relaxing)
 .debug_line_str
                0x00000162        0x0 isr.o
                                 0x81 (size before relaxing)
 .debug_line_str
                0x00000162        0x0 keyboard.o
                                 0x86 (size before relaxing)
 .debug_line_str
                0x00000162        0x0 kheap.o
                                 0x98 (size before relaxing)
 .debug_line_str
                0x00000162        0x0 main.o
                                 0xe1 (size before relaxing)
 .debug_line_str
                0x00000162        0x0 monitor.o
                                 0x7d (size before relaxing)
 .debug_line_str
                0x00000162        0x0 ordered_array.o
                                 0xa7 (size before relaxing)
 .debug_line_str
                0x00000162        0x0 paging.o
                                 0xab (size before relaxing)
 .debug_line_str
                0x00000162        0x0 shell.o
                                 0x81 (size before relaxing)
 .debug_line_str
                0x00000162        0x0 syscall.o
                                 0xc6 (size before relaxing)
 .debug_line_str
                0x00000162        0x0 task.o
                                 0xa5 (size before relaxing)
 .debug_line_str
                0x00000162        0x0 timer.o
                                 0x84 (size before relaxing)

.comment        0x00000000       0x12
 .comment       0x00000000       0x12 common.o
                                 0x13 (size before relaxing)
 .comment       0x00000012        0x0 descriptor_tables.o
                                 0x13 (size before relaxing)
 .comment       0x00000012        0x0 exec.o
                                 0x13 (size before relaxing)
 .comment       0x00000012        0x0 fs.o
                                 0x13 (size before relaxing)
 .comment       0x00000012        0x0 initrd.o
                                 0x13 (size before relaxing)
 .comment       0x00000012        0x0 isr.o
                                 0x13 (size before relaxing)
 .comment       0x00000012        0x0 keyboard.o
                                 0x13 (size before relaxing)
 .comment       0x00000012        0x0 kheap.o
                                 0x13 (size before relaxing)
 .comment       0x00000012        0x0 main.o
                                 0x13 (size before relaxing)
 .comment       0x00000012        0x0 monitor.o
                                 0x13 (size before relaxing)
 .comment       0x00000012        0x0 ordered_array.o
                                 0x13 (size before relaxing)
 .comment       0x00000012        0x0 paging.o
                                 0x13 (size before relaxing)
 .comment       0x00000012        0x0 shell.o
                                 0x13 (size before relaxing)
 .comment       0x00000012        0x0 syscall.o
                                 0x13 (size before relaxing)
 .comment       0x00000012        0x0 task.o
                                 0x13 (size before relaxing)
 .comment       0x00000012        0x0 timer.o
                                 0x13 (size before relaxing)

.debug_rnglists
                0x00000000       0x2e
 .debug_rnglists
                0x00000000       0x17 kheap.o
 .debug_rnglists
                0x00000017       0x17 syscall.o
